// Jest Snapshot v1, https://jestjs.io/docs/snapshot-testing

exports[`NewRecordingPage render Should match NewRecordingPage component snapshot 1`] = `
"<Layout>
  <Container className=\\"newRecordingContainer\\" tag=\\"div\\">
    <Row tag=\\"div\\">
      <Col lg={7} className=\\"timerContainer\\" tag=\\"div\\" widths={{...}}>
        <div className=\\"timerCol\\">
          <div>
            Intervals Left
          </div>
          <div className=\\"timer\\" />
        </div>
        <div className=\\"timerCol\\">
          <div>
            Interval Time Left
          </div>
          <div className=\\"timer\\">
            0:NaN
          </div>
        </div>
        <div className=\\"timerCol\\">
          <div>
            Rest Time Left
          </div>
          <div className=\\"timer\\">
            0:NaN
          </div>
        </div>
      </Col>
    </Row>
    <Row className=\\"videoRow\\" tag=\\"div\\">
      <Col lg={7} className=\\"videoContainer\\" tag=\\"div\\" widths={{...}}>
        <video srcobject={[undefined]} className=\\"video \\" />
        <div className=\\"\\" />
        <canvas className=\\"canvas\\" />
      </Col>
      <Col lg={5} className=\\"statContainer\\" tag=\\"div\\" widths={{...}}>
        <Row tag=\\"div\\">
          <h3 className=\\"statHeader\\">
            Stats
          </h3>
        </Row>
        <Row className=\\"stat\\" tag=\\"div\\">
          <Col xs={4} tag=\\"div\\" widths={{...}}>
            Total Punches
          </Col>
          <Col xs={4} tag=\\"div\\" widths={{...}}>
            0
          </Col>
        </Row>
        <Row className=\\"stat\\" tag=\\"div\\">
          <Col xs={4} tag=\\"div\\" widths={{...}}>
            Jabs
          </Col>
          <Col xs={4} tag=\\"div\\" widths={{...}}>
            0
          </Col>
        </Row>
        <Row className=\\"stat\\" tag=\\"div\\">
          <Col xs={4} tag=\\"div\\" widths={{...}}>
            Straight Right
          </Col>
          <Col xs={4} tag=\\"div\\" widths={{...}}>
            0
          </Col>
        </Row>
        <Row className=\\"stat\\" tag=\\"div\\">
          <Col xs={4} tag=\\"div\\" widths={{...}}>
            Left Hooks
          </Col>
          <Col xs={2} tag=\\"div\\" widths={{...}}>
            0
          </Col>
          <Col xs={4} tag=\\"div\\" widths={{...}}>
            Right Hooks
          </Col>
          <Col xs={2} tag=\\"div\\" widths={{...}}>
            0
          </Col>
        </Row>
        <Row className=\\"stat\\" tag=\\"div\\">
          <Col xs={4} tag=\\"div\\" widths={{...}}>
            Left Uppercuts
          </Col>
          <Col xs={2} tag=\\"div\\" widths={{...}}>
            0
          </Col>
          <Col xs={4} tag=\\"div\\" widths={{...}}>
            Right Uppercuts
          </Col>
          <Col xs={2} tag=\\"div\\" widths={{...}}>
            0
          </Col>
        </Row>
        <Row className=\\"stat\\" tag=\\"div\\">
          <Col xs={4} tag=\\"div\\" widths={{...}}>
            Left Body Hooks
          </Col>
          <Col xs={2} tag=\\"div\\" widths={{...}}>
            0
          </Col>
          <Col xs={4} tag=\\"div\\" widths={{...}}>
            Right Body Hooks
          </Col>
          <Col xs={2} tag=\\"div\\" widths={{...}}>
            0
          </Col>
        </Row>
      </Col>
    </Row>
    <Row tag=\\"div\\" />
    <Row tag=\\"div\\">
      <Col className=\\"recordedVideosContainer\\" tag=\\"div\\" widths={{...}} />
    </Row>
  </Container>
</Layout>"
`;
