// Jest Snapshot v1, https://jestjs.io/docs/snapshot-testing

exports[`Header render Should match Header component snapshot 1`] = `
"<Navbar className=\\"headerContainer\\" color=\\"dark\\" dark={true} expand=\\"md\\" tag=\\"nav\\">
  <Container tag=\\"div\\">
    <Link className=\\"logoLink\\" to=\\"/\\">
      <img src=\\"boxer-header.png\\" alt=\\"Logo\\" />
      <span className=\\"logo\\">
        ShadowCam
      </span>
    </Link>
    <NavbarToggler onClick={[Function: toggle]} tag=\\"button\\" type=\\"button\\" />
    <Collapse isOpen={false} navbar={true} in={false} mountOnEnter={false} unmountOnExit={false} appear={false} enter={true} exit={true} onEnter={[Function: noop]} onEntering={[Function: noop]} onEntered={[Function: noop]} onExit={[Function: noop]} onExiting={[Function: noop]} onExited={[Function: noop]} tag=\\"div\\" timeout={350}>
      <Nav className=\\"menuItems\\" navbar={true} tag=\\"ul\\" vertical={false}>
        <NavItem className=\\"menuItem\\" tag=\\"li\\" />
        <NavItem className=\\"menuItem\\" tag=\\"li\\" />
        <Link to=\\"/account/login\\">
          <Button color=\\"secondary\\" tag=\\"button\\">
            Login
          </Button>
        </Link>
      </Nav>
    </Collapse>
  </Container>
</Navbar>"
`;
