// Jest Snapshot v1, https://goo.gl/fbAQLP

exports[`NewWorkoutPage render Should match NewWorkoutPage component snapshot 1`] = `
"<Layout>
  <Container className=\\"newWorkoutContainer\\" tag=\\"div\\">
    <Row tag=\\"div\\">
      <Col className=\\"error\\" tag=\\"div\\" widths={{...}} />
    </Row>
    <Row tag=\\"div\\">
      <Col tag=\\"div\\" widths={{...}}>
        <Form onSubmit={[Function (anonymous)]} className=\\"form\\" tag=\\"form\\">
          <div className=\\"timeCategory\\">
            Total Workout Time:

            0:00
          </div>
          <div className=\\"timeCategory\\">
            Rest time
          </div>
          <FormGroup row={true} className=\\"spacer\\" tag=\\"div\\">
            <Label sm=\\"2\\" for=\\"restTimeMin\\" tag=\\"label\\" widths={{...}}>
              Minutes
            </Label>
            <Col sm=\\"4\\" md=\\"3\\" tag=\\"div\\" widths={{...}}>
              <Input type=\\"number\\" min=\\"0\\" id=\\"restTimeMin\\" value={0} onChange={[Function (anonymous)]} />
            </Col>
            <Label sm=\\"2\\" for=\\"restTimeSec\\" tag=\\"label\\" widths={{...}}>
              Seconds
            </Label>
            <Col sm=\\"4\\" md=\\"3\\" tag=\\"div\\" widths={{...}}>
              <Input type=\\"number\\" min=\\"0\\" max=\\"59\\" id=\\"restTimeSec\\" value={0} onChange={[Function (anonymous)]} />
            </Col>
          </FormGroup>
          <div className=\\"timeCategory\\">
            Interval time
          </div>
          <FormGroup row={true} className=\\"spacer\\" tag=\\"div\\">
            <Label sm=\\"2\\" for=\\"intervalTimeMin\\" tag=\\"label\\" widths={{...}}>
              Minutes
            </Label>
            <Col sm=\\"4\\" md=\\"3\\" tag=\\"div\\" widths={{...}}>
              <Input type=\\"number\\" min=\\"0\\" id=\\"intervalTimeMin\\" value={0} onChange={[Function (anonymous)]} />
            </Col>
            <Label sm=\\"2\\" for=\\"intervalTimeSec\\" tag=\\"label\\" widths={{...}}>
              Seconds
            </Label>
            <Col sm=\\"4\\" md=\\"3\\" tag=\\"div\\" widths={{...}}>
              <Input type=\\"number\\" min=\\"0\\" max=\\"59\\" id=\\"intervalTimeSec\\" value={0} onChange={[Function (anonymous)]} />
            </Col>
          </FormGroup>
          <FormGroup row={true} className=\\"spacer\\" tag=\\"div\\">
            <Label sm=\\"6\\" xl=\\"6\\" for=\\"numberInterval\\" tag=\\"label\\" widths={{...}}>
              Number of Intervals
            </Label>
            <Col sm=\\"4\\" tag=\\"div\\" widths={{...}}>
              <Input type=\\"number\\" min=\\"1\\" id=\\"numberInterval\\" value={1} onChange={[Function (anonymous)]} placeholder=\\"Number of Intervals\\" required={true} />
            </Col>
          </FormGroup>
          <Row className=\\"spacer\\" tag=\\"div\\">
            <Col className=\\"submitButtonContainer\\" tag=\\"div\\" widths={{...}}>
              <Button color=\\"secondary\\" tag=\\"button\\">
                Start Workout!
              </Button>
            </Col>
          </Row>
        </Form>
      </Col>
    </Row>
  </Container>
</Layout>"
`;
