// Jest Snapshot v1, https://goo.gl/fbAQLP

exports[`RestModal render Should match RestModal component snapshot 1`] = `
"<div>
  <Modal isOpen={true} autoFocus={true} centered={false} role=\\"dialog\\" backdrop={true} keyboard={true} zIndex={1050} fade={true} onOpened={[Function: noop]} onClosed={[Function: noop]} modalTransition={{...}} backdropTransition={{...}}>
    <ModalHeader tag=\\"h5\\" wrapTag=\\"div\\" closeAriaLabel=\\"Close\\" charCode={215}>
      Take a rest!
    </ModalHeader>
    <ModalBody tag=\\"div\\">
      <div>
        You deserve a break!
      </div>
      <div>
        Take a breather for another
         seconds!
      </div>
    </ModalBody>
  </Modal>
</div>"
`;
