// Jest Snapshot v1, https://goo.gl/fbAQLP

exports[`NotFoundPage render Should match NotFoundPage component snapshot 1`] = `
"<Layout>
  <div className=\\"notFoundBackground\\">
    <div className=\\"notFoundContainer\\">
      <div>
        <p className=\\"errorHeader\\">
          Error 404
        </p>
      </div>
      <div>
        <h2>
          Oops! It looks like this page was knocked out!
        </h2>
        <h4>
          Please check the URL and try again.
        </h4>
      </div>
    </div>
  </div>
</Layout>"
`;
