// Jest Snapshot v1, https://jestjs.io/docs/snapshot-testing

exports[`LoginPage render Should match LoginPage component snapshot 1`] = `
"<Layout>
  <Container className=\\"loginContainer\\" tag=\\"div\\">
    <Row className=\\"spacer\\" tag=\\"div\\">
      <Col tag=\\"div\\" widths={{...}}>
        <h2>
          Log in
        </h2>
      </Col>
    </Row>
    <Row tag=\\"div\\">
      <Col className=\\"spacer\\" sm=\\"12\\" md=\\"8\\" tag=\\"div\\" widths={{...}}>
        <p>
          Sign in with your email and password.
        </p>
        <Form onSubmit={[Function: handleSubmit]} tag=\\"form\\">
          <FormGroup row={true} tag=\\"div\\">
            <Label sm=\\"3\\" lg=\\"2\\" for=\\"email\\" tag=\\"label\\" widths={{...}}>
              Email
            </Label>
            <Col sm=\\"6\\" tag=\\"div\\" widths={{...}}>
              <Input type=\\"email\\" required={true} id=\\"email\\" value=\\"\\" onChange={[Function: handleChange]} placeholder=\\"Email address\\" className=\\"\\" />
            </Col>
          </FormGroup>
          <FormGroup row={true} className=\\"spacer\\" tag=\\"div\\">
            <Label sm=\\"3\\" lg=\\"2\\" for=\\"password\\" tag=\\"label\\" widths={{...}}>
              Password
            </Label>
            <Col sm=\\"6\\" tag=\\"div\\" widths={{...}}>
              <Input type=\\"password\\" minLength=\\"8\\" required={true} id=\\"password\\" value=\\"\\" onChange={[Function: handleChange]} placeholder=\\"Password\\" className=\\"\\" />
            </Col>
          </FormGroup>
          <FormGroup className=\\"spacer\\" tag=\\"div\\">
            <Button className=\\"loginButton\\" color=\\"secondary\\" tag=\\"button\\">
              Log in
            </Button>
          </FormGroup>
        </Form>
      </Col>
      <Col sm=\\"12\\" md=\\"4\\" tag=\\"div\\" widths={{...}}>
        <p>
          If you don&#39;t have an account you can make one now. It&#39;s free!
        </p>
        <Link to=\\"/account/create\\">
          <Button className=\\"loginButton\\" color=\\"secondary\\" tag=\\"button\\">
            Create Account
          </Button>
        </Link>
      </Col>
    </Row>
  </Container>
</Layout>"
`;
